Error: 
Invalid `prisma.contaPagar.create()` invocation in
C:\Users\kbrit\Documents\GitHub\GRANDESIGN\src\actions\financeiro\payables\create.ts:76:31

  73 
  74 return await prisma.$transaction(
  75     installments.map((inst) =>
→ 76         prisma.contaPagar.create({
               data: {
                 descricao: "Debug Installments (1/3)",
                 valor: 33.34,
                 valor_pago: 0,
                 data_emissao: new Date("2026-02-12T22:57:19.144Z"),
                 data_vencimento: new Date("2026-02-12T22:57:19.144Z"),
                 status: "PENDENTE",
                 fornecedor_id: undefined,
                 categoria_id: 51,
                 centro_custo_id: undefined,
                 observacoes: undefined,
                 orcamento_id: undefined,
                 parcela_atual: 1,
                 total_parcelas: 3,
                 created_by: undefined,
             +   valor_total: Decimal
               }
             })

Argument `valor_total` is missing.
Stack: PrismaClientValidationError: 
Invalid `prisma.contaPagar.create()` invocation in
C:\Users\kbrit\Documents\GitHub\GRANDESIGN\src\actions\financeiro\payables\create.ts:76:31

  73 
  74 return await prisma.$transaction(
  75     installments.map((inst) =>
→ 76         prisma.contaPagar.create({
               data: {
                 descricao: "Debug Installments (1/3)",
                 valor: 33.34,
                 valor_pago: 0,
                 data_emissao: new Date("2026-02-12T22:57:19.144Z"),
                 data_vencimento: new Date("2026-02-12T22:57:19.144Z"),
                 status: "PENDENTE",
                 fornecedor_id: undefined,
                 categoria_id: 51,
                 centro_custo_id: undefined,
                 observacoes: undefined,
                 orcamento_id: undefined,
                 parcela_atual: 1,
                 total_parcelas: 3,
                 created_by: undefined,
             +   valor_total: Decimal
               }
             })

Argument `valor_total` is missing.
    at throwValidationException (C:\Users\kbrit\Documents\GitHub\GRANDESIGN\node_modules\@prisma\client\src\runtime\core\errorRendering\throwValidationException.ts:45:9)
    at ei.handleRequestError (C:\Users\kbrit\Documents\GitHub\GRANDESIGN\node_modules\@prisma\client\src\runtime\RequestHandler.ts:202:7)
    at ei.handleAndLogRequestError (C:\Users\kbrit\Documents\GitHub\GRANDESIGN\node_modules\@prisma\client\src\runtime\RequestHandler.ts:174:12)
    at ei.request (C:\Users\kbrit\Documents\GitHub\GRANDESIGN\node_modules\@prisma\client\src\runtime\RequestHandler.ts:143:12)
    at async a (C:\Users\kbrit\Documents\GitHub\GRANDESIGN\node_modules\@prisma\client\src\runtime\getPrismaClient.ts:833:24)
Full: {
  "name": "PrismaClientValidationError",
  "clientVersion": "6.19.0"
}